PLAYLIST: reading in_Playsorted1.m3u
PLAYLIST: reading in_Playsorted2.m3u8
