PLAYLIST: reading in_Playcheck4.m3u8
Song not found: %basedir%\target\test\check4\run\AC-DC\Back In Black\AC-DC--Shoot To Thrill.mp3
Song not found: %basedir%\target\test\check4\run\Avatar\Avatar Country\Avatar--The King Welcomes You To Avatar Country.mp3
Song not found: %basedir%\target\test\check4\run\Avatar\Avatar--My Shining Star.mp3
Song not found: %basedir%\target\test\check4\run\Avatar\Avatar\Avatar--Deeper Down.mp3
Song not found: %basedir%\target\test\check4\run\BAP\BAP--Alexandra, Nit Nur Do.mp3
Song not found: %basedir%\target\test\check4\run\Eurythmics\Eurythmics--Angel.mp3
Song not found: %basedir%\target\test\check4\run\Eurythmics\Eurythmics--Here Comes The Rain Again.mp3
Song not found: %basedir%\target\test\check4\run\Five Finger Death Punch\Got Your Six\Five Finger Death Punch--Got Your Six.mp3
Song not found: %basedir%\target\test\check4\run\Mustasch--Bring Me Everyone.mp3
Song not found: %basedir%\target\test\check4\run\Mustasch--Dogwash.mp3
Song not found: %basedir%\target\test\check4\run\Mustasch--Don't Want To Be Who I Am.mp3
Song not found: %basedir%\target\test\check4\run\Rock\Hanzel Und Gretyl--Hanzel Und Gretyl Für Immer.mp3
Song not found: %basedir%\target\test\check4\run\Rock\Motörhead--Ace Of Spades.mp3
Song not found: %basedir%\target\test\check4\run\Rock\Mötley Crüe--Anarchy In The U.K..mp3
Song not found: %basedir%\target\test\check4\run\Rock\Mötley Crüe--Dr. Feelgood.mp3
Song not found: %basedir%\target\test\check4\run\Rock\Thy Catafalque--Élo lény.mp3
Song not found: %basedir%\target\test\check4\run\Rock\Tool--Sober.mp3
